
> learnleaf@0.0.0 flow
> flow

Error ------------------------------------------------------------------------------------------------ src/App.jsx:13:15

Cannot build a typed interface for this module. You should annotate the exports of this module with types. Missing type
annotation at function return: [signature-verification-failure]

   13| function App() {

                     


Error ---------------------------------------------------------------------- src/Components/LoginForm/LoginForm.jsx:4:27

Cannot resolve module `/src/LearnLeaf_Functions.jsx`. [cannot-resolve-module]

   4| import { loginUser } from '/src/LearnLeaf_Functions.jsx';

                                ^^^^^^^^^^^^^^^^^^^^^^^^^^^^^^


Error ----------------------------------------------------------------------- src/Components/LoginForm/LoginForm.jsx:7:8

Cannot resolve module `/src/Components/FormUI.css`. [cannot-resolve-module]

   7| import '/src/Components/FormUI.css';

             ^^^^^^^^^^^^^^^^^^^^^^^^^^^^


Error ---------------------------------------------------------------------- src/Components/LoginForm/LoginForm.jsx:9:21

Cannot build a typed interface for this module. You should annotate the exports of this module with types. Missing type
annotation at function return: [signature-verification-failure]

   9| function LoginForm() {

                          


Error --------------------------------------------------------------------- src/Components/LoginForm/LoginForm.jsx:15:33

Missing an annotation on `event`. [missing-local-annot]

   15|     const handleSubmit = async (event) => {

                                       ^^^^^


Error ------------------------------------------------------------- src/Components/ProjectView/ProjectDashboard.jsx:3:25

Cannot resolve module `/src/UserState.jsx`. [cannot-resolve-module]

   3| import { useUser } from '/src/UserState.jsx';

                              ^^^^^^^^^^^^^^^^^^^^


Error ------------------------------------------------------------- src/Components/ProjectView/ProjectDashboard.jsx:4:31

Cannot resolve module `/src/LearnLeaf_Functions.jsx`. [cannot-resolve-module]

   4| import { fetchProjects } from '/src/LearnLeaf_Functions.jsx';

                                    ^^^^^^^^^^^^^^^^^^^^^^^^^^^^^^


Error -------------------------------------------------------------- src/Components/ProjectView/ProjectDashboard.jsx:8:8

Cannot resolve module `/src/Components/PageFormat.css`. [cannot-resolve-module]

   8| import '/src/Components/PageFormat.css'

             ^^^^^^^^^^^^^^^^^^^^^^^^^^^^^^^^


Error ------------------------------------------------------------ src/Components/ProjectView/ProjectDashboard.jsx:10:29

Cannot build a typed interface for this module. You should annotate the exports of this module with types. Missing type
annotation at function return: [signature-verification-failure]

   10| const ProjectsDashboard = () => {

                                   


Error ------------------------------------------------------------ src/Components/ProjectView/ProjectDashboard.jsx:11:46

Cannot determine type of empty array literal. Please provide an annotation. [missing-empty-array-annot]

   11|     const [projects, setProjects] = useState([]);

                                                    ^^


Error ----------------------------------------------------------------- src/Components/ProjectView/ProjectTasks.jsx:4:25

Cannot resolve module `/src/UserState.jsx`. [cannot-resolve-module]

   4| import { useUser } from '/src/UserState.jsx';

                              ^^^^^^^^^^^^^^^^^^^^


Error ----------------------------------------------------------------- src/Components/ProjectView/ProjectTasks.jsx:5:28

Cannot resolve module `/src/LearnLeaf_Functions.jsx`. [cannot-resolve-module]

   5| import { fetchTasks } from '/src/LearnLeaf_Functions.jsx';

                                 ^^^^^^^^^^^^^^^^^^^^^^^^^^^^^^


Error ----------------------------------------------------------------- src/Components/ProjectView/ProjectTasks.jsx:6:24

Cannot resolve module `/src/Components/TaskView/TaskTable.jsx`. [cannot-resolve-module]

   6| import TasksTable from '/src/Components/TaskView/TaskTable.jsx';

                             ^^^^^^^^^^^^^^^^^^^^^^^^^^^^^^^^^^^^^^^^


Error ----------------------------------------------------------------- src/Components/ProjectView/ProjectTasks.jsx:7:29

Cannot resolve module `/src/Components/TaskView/AddTaskForm.jsx`. [cannot-resolve-module]

   7| import { AddTaskForm } from '/src/Components/TaskView/AddTaskForm.jsx';

                                  ^^^^^^^^^^^^^^^^^^^^^^^^^^^^^^^^^^^^^^^^^^


Error ------------------------------------------------------------------ src/Components/ProjectView/ProjectTasks.jsx:8:8

Cannot resolve module `/src/Components/PageFormat.css`. [cannot-resolve-module]

   8| import '/src/Components/PageFormat.css'

             ^^^^^^^^^^^^^^^^^^^^^^^^^^^^^^^^


Error ------------------------------------------------------------------ src/Components/ProjectView/ProjectTasks.jsx:9:8

Cannot resolve module `/src/Components/FormUI.css`. [cannot-resolve-module]

   9| import '/src/Components/FormUI.css';

             ^^^^^^^^^^^^^^^^^^^^^^^^^^^^


Error ---------------------------------------------------------------- src/Components/ProjectView/ProjectTasks.jsx:12:24

Cannot build a typed interface for this module. You should annotate the exports of this module with types. Missing type
annotation at function return: [signature-verification-failure]

   12| const ProjectTasks = () => {

                              


Error ---------------------------------------------------------------- src/Components/ProjectView/ProjectTasks.jsx:15:40

Cannot determine type of empty array literal. Please provide an annotation. [missing-empty-array-annot]

   15|     const [tasks, setTasks] = useState([]);

                                              ^^


Error ---------------------------------------------------------------- src/Components/ProjectView/ProjectWidget.jsx:8:24

Cannot build a typed interface for this module. You should annotate the exports of this module with types. Missing type
annotation at object pattern: [signature-verification-failure]

   8| const ProjectWidget = ({ project }) => {

                             ^^^^^^^^^^^


Error ---------------------------------------------------------------- src/Components/ProjectView/ProjectWidget.jsx:8:24

Missing an annotation on destructuring. [missing-local-annot]

   8| const ProjectWidget = ({ project }) => {

                             ^^^^^^^^^^^


Error ---------------------------------------------------------------- src/Components/ProjectView/ProjectWidget.jsx:8:36

Cannot build a typed interface for this module. You should annotate the exports of this module with types. Missing type
annotation at function return: [signature-verification-failure]

   8| const ProjectWidget = ({ project }) => {

                                         


Error ---------------------------------------------------------------- src/Components/RegisterUser/RegisterForm.jsx:4:30

Cannot resolve module `/src/LearnLeaf_Functions.jsx`. [cannot-resolve-module]

   4| import { registerUser } from '/src/LearnLeaf_Functions.jsx';

                                   ^^^^^^^^^^^^^^^^^^^^^^^^^^^^^^


Error ---------------------------------------------------------------- src/Components/RegisterUser/RegisterForm.jsx:6:28

Cannot build a typed interface for this module. You should annotate the exports of this module with types. Missing type
annotation at function return: [signature-verification-failure]

   6| function RegistrationForm() {

                                 


Error --------------------------------------------------------------- src/Components/RegisterUser/RegisterForm.jsx:14:25

Missing an annotation on `event`. [missing-local-annot]

   14|   const handleSubmit = (event) => {

                               ^^^^^


Error -------------------------------------------------------------- src/Components/ResetPassword/ResetPassword.jsx:4:31

Cannot resolve module `/src/LearnLeaf_Functions.jsx`. [cannot-resolve-module]

   4| import { resetPassword } from '/src/LearnLeaf_Functions.jsx';

                                    ^^^^^^^^^^^^^^^^^^^^^^^^^^^^^^


Error -------------------------------------------------------------- src/Components/ResetPassword/ResetPassword.jsx:6:25

Cannot build a typed interface for this module. You should annotate the exports of this module with types. Missing type
annotation at function return: [signature-verification-failure]

   6| function ResetPassword() {

                              


Error ------------------------------------------------------------- src/Components/ResetPassword/ResetPassword.jsx:12:25

Missing an annotation on `event`. [missing-local-annot]

   12|   const handleSubmit = (event) => {

                               ^^^^^


Error --------------------------------------------------------------- src/Components/SubjectView/AddSubjectForm.jsx:3:28

Cannot resolve module `/src/LearnLeaf_Functions.jsx`. [cannot-resolve-module]

   3| import { addSubject } from '/src/LearnLeaf_Functions.jsx';

                                 ^^^^^^^^^^^^^^^^^^^^^^^^^^^^^^


Error --------------------------------------------------------------- src/Components/SubjectView/AddSubjectForm.jsx:4:25

Cannot resolve module `/src/UserState.jsx`. [cannot-resolve-module]

   4| import { useUser } from '/src/UserState.jsx';

                              ^^^^^^^^^^^^^^^^^^^^


Error ---------------------------------------------------------------- src/Components/SubjectView/AddSubjectForm.jsx:5:8

Cannot resolve module `/src/Components/FormUI.css`. [cannot-resolve-module]

   5| import '/src/Components/FormUI.css';

             ^^^^^^^^^^^^^^^^^^^^^^^^^^^^


Error ---------------------------------------------------------------- src/Components/SubjectView/AddSubjectForm.jsx:6:8

Cannot resolve module `/src/Components/PageFormat.css`. [cannot-resolve-module]

   6| import '/src/Components/PageFormat.css'

             ^^^^^^^^^^^^^^^^^^^^^^^^^^^^^^^^


Error --------------------------------------------------------------- src/Components/SubjectView/AddSubjectForm.jsx:8:32

Cannot build a typed interface for this module. You should annotate the exports of this module with types. Missing type
annotation at object pattern: [signature-verification-failure]

   8| export function AddSubjectForm({ closeForm }) {

                                     ^^^^^^^^^^^^^


Error --------------------------------------------------------------- src/Components/SubjectView/AddSubjectForm.jsx:8:32

Missing an annotation on destructuring. [missing-local-annot]

   8| export function AddSubjectForm({ closeForm }) {

                                     ^^^^^^^^^^^^^


Error --------------------------------------------------------------- src/Components/SubjectView/AddSubjectForm.jsx:8:46

Cannot build a typed interface for this module. You should annotate the exports of this module with types. Missing type
annotation at function return: [signature-verification-failure]

   8| export function AddSubjectForm({ closeForm }) {

                                                   


Error -------------------------------------------------------------- src/Components/SubjectView/AddSubjectForm.jsx:16:32

Missing an annotation on `e`. [missing-local-annot]

   16|     const handleInputChange = (e) => {

                                      ^


Error -------------------------------------------------------------- src/Components/SubjectView/AddSubjectForm.jsx:21:33

Missing an annotation on `e`. [missing-local-annot]

   21|     const handleSubmit = async (e) => {

                                       ^


Error ------------------------------------------------------------- src/Components/SubjectView/SubjectDashboard.jsx:3:25

Cannot resolve module `/src/UserState.jsx`. [cannot-resolve-module]

   3| import { useUser } from '/src/UserState.jsx';

                              ^^^^^^^^^^^^^^^^^^^^


Error ------------------------------------------------------------- src/Components/SubjectView/SubjectDashboard.jsx:4:31

Cannot resolve module `/src/LearnLeaf_Functions.jsx`. [cannot-resolve-module]

   4| import { fetchSubjects } from '/src/LearnLeaf_Functions.jsx';

                                    ^^^^^^^^^^^^^^^^^^^^^^^^^^^^^^


Error -------------------------------------------------------------- src/Components/SubjectView/SubjectDashboard.jsx:8:8

Cannot resolve module `/src/Components/PageFormat.css`. [cannot-resolve-module]

   8| import '/src/Components/PageFormat.css'

             ^^^^^^^^^^^^^^^^^^^^^^^^^^^^^^^^


Error ------------------------------------------------------------ src/Components/SubjectView/SubjectDashboard.jsx:10:29

Cannot build a typed interface for this module. You should annotate the exports of this module with types. Missing type
annotation at function return: [signature-verification-failure]

   10| const SubjectsDashboard = () => {

                                   


Error ------------------------------------------------------------ src/Components/SubjectView/SubjectDashboard.jsx:12:46

Cannot determine type of empty array literal. Please provide an annotation. [missing-empty-array-annot]

   12|     const [subjects, setSubjects] = useState([]);

                                                    ^^


Error ----------------------------------------------------------------- src/Components/SubjectView/SubjectTasks.jsx:4:25

Cannot resolve module `/src/UserState.jsx`. [cannot-resolve-module]

   4| import { useUser } from '/src/UserState.jsx';

                              ^^^^^^^^^^^^^^^^^^^^


Error ----------------------------------------------------------------- src/Components/SubjectView/SubjectTasks.jsx:5:28

Cannot resolve module `/src/LearnLeaf_Functions.jsx`. [cannot-resolve-module]

   5| import { fetchTasks } from '/src/LearnLeaf_Functions.jsx';

                                 ^^^^^^^^^^^^^^^^^^^^^^^^^^^^^^


Error ----------------------------------------------------------------- src/Components/SubjectView/SubjectTasks.jsx:6:24

Cannot resolve module `/src/Components/TaskView/TaskTable.jsx`. [cannot-resolve-module]

   6| import TasksTable from '/src/Components/TaskView/TaskTable.jsx';

                             ^^^^^^^^^^^^^^^^^^^^^^^^^^^^^^^^^^^^^^^^


Error ----------------------------------------------------------------- src/Components/SubjectView/SubjectTasks.jsx:7:29

Cannot resolve module `/src/Components/TaskView/AddTaskForm.jsx`. [cannot-resolve-module]

   7| import { AddTaskForm } from '/src/Components/TaskView/AddTaskForm.jsx';

                                  ^^^^^^^^^^^^^^^^^^^^^^^^^^^^^^^^^^^^^^^^^^


Error ------------------------------------------------------------------ src/Components/SubjectView/SubjectTasks.jsx:8:8

Cannot resolve module `/src/Components/PageFormat.css`. [cannot-resolve-module]

   8| import '/src/Components/PageFormat.css'

             ^^^^^^^^^^^^^^^^^^^^^^^^^^^^^^^^


Error ------------------------------------------------------------------ src/Components/SubjectView/SubjectTasks.jsx:9:8

Cannot resolve module `/src/Components/FormUI.css`. [cannot-resolve-module]

   9| import '/src/Components/FormUI.css';

             ^^^^^^^^^^^^^^^^^^^^^^^^^^^^


Error ---------------------------------------------------------------- src/Components/SubjectView/SubjectTasks.jsx:12:24

Cannot build a typed interface for this module. You should annotate the exports of this module with types. Missing type
annotation at function return: [signature-verification-failure]

   12| const SubjectTasks = () => {

                              


Error ---------------------------------------------------------------- src/Components/SubjectView/SubjectTasks.jsx:15:40

Cannot determine type of empty array literal. Please provide an annotation. [missing-empty-array-annot]

   15|     const [tasks, setTasks] = useState([]);

                                              ^^


Error ---------------------------------------------------------------- src/Components/SubjectView/SubjectWidget.jsx:4:24

Cannot build a typed interface for this module. You should annotate the exports of this module with types. Missing type
annotation at object pattern: [signature-verification-failure]

   4| const SubjectWidget = ({ subject }) => {

                             ^^^^^^^^^^^



... 83 more errors (only 50 out of 133 errors displayed)
To see all errors, re-run Flow with --show-all-errors
